Γû▓ Next.js 16.1.6 (Turbopack)

  Creating an optimized production build ...
Γ£ô Compiled successfully in 2.8s
  Running TypeScript ...
  Collecting page data using 15 workers ...
  Generating static pages using 15 workers (0/16) ...
  Generating static pages using 15 workers (4/16) 
  Generating static pages using 15 workers (8/16) 
  Generating static pages using 15 workers (12/16) 
Γ£ô Generating static pages using 15 workers (16/16) in 526.8ms
  Finalizing page optimization ...

Route (app)
Γöî Γùï /
Γö£ Γùï /_not-found
Γö£ Γùï /about
Γö£ Γùï /admin
Γö£ Γùï /admin/categories
Γö£ Γùï /admin/login
Γö£ Γùï /admin/orders
Γö£ Γùï /admin/products
Γö£ Γùï /admin/register
Γö£ Γùï /contact
Γö£ Γùï /jewellery
Γö£ Γùï /privacy
Γö£ ╞Æ /product/[id]
Γö£ Γùï /shipping
Γöö Γùï /terms


Γùï  (Static)   prerendered as static content
╞Æ  (Dynamic)  server-rendered on demand

